// Jest Snapshot v1, https://goo.gl/fbAQLP

exports[`Loading (Snapshot) renders correctly 1`] = `
<div>
  <p
    style={
      Object {
        "fontSize": "35px",
        "textAlign": "center",
      }
    }
  >
    Now Loading
  </p>
</div>
`;
